[0.005s][info][gc] Using Serial
[86.998s][info][gc] GC(0) Pause Young (Allocation Failure) 34M->4M(123M) 7.646ms
[87.091s][info][gc] GC(1) Pause Young (Allocation Failure) 38M->6M(123M) 10.457ms
[87.145s][info][gc] GC(2) Pause Young (Allocation Failure) 40M->8M(123M) 6.143ms
[87.203s][info][gc] GC(3) Pause Young (Allocation Failure) 42M->10M(123M) 6.712ms
[87.259s][info][gc] GC(4) Pause Young (Allocation Failure) 44M->12M(123M) 8.170ms
[87.313s][info][gc] GC(5) Pause Young (Allocation Failure) 47M->15M(123M) 8.043ms
[87.364s][info][gc] GC(6) Pause Young (Allocation Failure) 49M->17M(123M) 7.198ms
[87.413s][info][gc] GC(7) Pause Young (Allocation Failure) 51M->20M(123M) 7.344ms
[87.468s][info][gc] GC(8) Pause Young (Allocation Failure) 55M->23M(123M) 8.024ms
[87.525s][info][gc] GC(9) Pause Young (Allocation Failure) 57M->25M(123M) 6.739ms
[87.575s][info][gc] GC(10) Pause Young (Allocation Failure) 59M->27M(123M) 6.546ms
[87.626s][info][gc] GC(11) Pause Young (Allocation Failure) 61M->30M(123M) 7.491ms
[87.678s][info][gc] GC(12) Pause Young (Allocation Failure) 65M->33M(123M) 7.847ms
[87.730s][info][gc] GC(13) Pause Young (Allocation Failure) 67M->35M(123M) 6.934ms
[87.781s][info][gc] GC(14) Pause Young (Allocation Failure) 69M->37M(123M) 6.668ms
[87.844s][info][gc] GC(15) Pause Young (Allocation Failure) 71M->39M(123M) 6.850ms
[87.895s][info][gc] GC(16) Pause Young (Allocation Failure) 73M->43M(123M) 7.467ms
[87.947s][info][gc] GC(17) Pause Young (Allocation Failure) 77M->45M(123M) 8.540ms
[87.999s][info][gc] GC(18) Pause Young (Allocation Failure) 80M->48M(123M) 9.033ms
[88.050s][info][gc] GC(19) Pause Young (Allocation Failure) 82M->50M(123M) 7.570ms
[88.103s][info][gc] GC(20) Pause Young (Allocation Failure) 84M->52M(123M) 7.254ms
[88.156s][info][gc] GC(21) Pause Young (Allocation Failure) 86M->54M(123M) 7.255ms
[88.210s][info][gc] GC(22) Pause Young (Allocation Failure) 88M->56M(123M) 6.765ms
[88.259s][info][gc] GC(23) Pause Young (Allocation Failure) 90M->61M(123M) 8.962ms
[88.311s][info][gc] GC(24) Pause Young (Allocation Failure) 96M->64M(123M) 8.209ms
[88.367s][info][gc] GC(25) Pause Young (Allocation Failure) 98M->66M(123M) 6.809ms
[88.417s][info][gc] GC(26) Pause Young (Allocation Failure) 100M->68M(123M) 6.795ms
[88.467s][info][gc] GC(27) Pause Young (Allocation Failure) 102M->70M(123M) 7.092ms
[88.517s][info][gc] GC(28) Pause Young (Allocation Failure) 104M->72M(123M) 6.922ms
[88.570s][info][gc] GC(29) Pause Young (Allocation Failure) 106M->75M(123M) 6.665ms
[88.620s][info][gc] GC(30) Pause Young (Allocation Failure) 109M->77M(123M) 6.770ms
[88.669s][info][gc] GC(31) Pause Young (Allocation Failure) 111M->79M(123M) 6.852ms
[88.721s][info][gc] GC(32) Pause Young (Allocation Failure) 113M->81M(123M) 7.748ms
[88.772s][info][gc] GC(33) Pause Young (Allocation Failure) 115M->83M(123M) 6.757ms
[88.822s][info][gc] GC(34) Pause Young (Allocation Failure) 117M->85M(123M) 6.923ms
[88.863s][info][gc] GC(35) Pause Young (Allocation Failure) 120M->120M(123M) 0.037ms
[88.981s][info][gc] GC(36) Pause Full (Allocation Failure) 120M->87M(123M) 117.800ms
[89.135s][info][gc] GC(37) Pause Full (Allocation Failure) 123M->89M(123M) 95.568ms
[89.290s][info][gc] GC(38) Pause Full (Allocation Failure) 123M->91M(123M) 95.495ms
[89.470s][info][gc] GC(39) Pause Full (Allocation Failure) 123M->90M(123M) 118.672ms
[89.636s][info][gc] GC(40) Pause Full (Allocation Failure) 123M->92M(123M) 106.064ms
[89.797s][info][gc] GC(41) Pause Full (Allocation Failure) 123M->94M(123M) 101.856ms
[89.956s][info][gc] GC(42) Pause Full (Allocation Failure) 123M->96M(123M) 103.317ms
[90.110s][info][gc] GC(43) Pause Full (Allocation Failure) 123M->97M(123M) 101.642ms
[90.270s][info][gc] GC(44) Pause Full (Allocation Failure) 123M->99M(123M) 108.898ms
[90.435s][info][gc] GC(45) Pause Full (Allocation Failure) 123M->101M(123M) 115.690ms
[90.595s][info][gc] GC(46) Pause Full (Allocation Failure) 123M->102M(123M) 110.528ms
[90.753s][info][gc] GC(47) Pause Full (Allocation Failure) 123M->103M(123M) 110.379ms
[90.909s][info][gc] GC(48) Pause Full (Allocation Failure) 123M->105M(123M) 110.454ms
[91.065s][info][gc] GC(49) Pause Full (Allocation Failure) 123M->106M(123M) 112.329ms
[91.213s][info][gc] GC(50) Pause Full (Allocation Failure) 123M->107M(123M) 109.115ms
[91.362s][info][gc] GC(51) Pause Full (Allocation Failure) 123M->108M(123M) 113.406ms
[91.508s][info][gc] GC(52) Pause Full (Allocation Failure) 123M->109M(123M) 110.750ms
[91.653s][info][gc] GC(53) Pause Full (Allocation Failure) 123M->110M(123M) 108.927ms
[91.804s][info][gc] GC(54) Pause Full (Allocation Failure) 123M->111M(123M) 116.722ms
[91.950s][info][gc] GC(55) Pause Full (Allocation Failure) 123M->112M(123M) 113.757ms
[92.099s][info][gc] GC(56) Pause Full (Allocation Failure) 123M->112M(123M) 115.817ms
[92.243s][info][gc] GC(57) Pause Full (Allocation Failure) 123M->113M(123M) 115.533ms
[92.385s][info][gc] GC(58) Pause Full (Allocation Failure) 123M->114M(123M) 114.032ms
[92.528s][info][gc] GC(59) Pause Full (Allocation Failure) 123M->114M(123M) 115.953ms
[92.669s][info][gc] GC(60) Pause Full (Allocation Failure) 123M->115M(123M) 114.507ms
[92.817s][info][gc] GC(61) Pause Full (Allocation Failure) 123M->115M(123M) 122.357ms
[92.961s][info][gc] GC(62) Pause Full (Allocation Failure) 123M->116M(123M) 117.270ms
[93.101s][info][gc] GC(63) Pause Full (Allocation Failure) 123M->116M(123M) 116.323ms
[93.241s][info][gc] GC(64) Pause Full (Allocation Failure) 123M->117M(123M) 117.706ms
[93.378s][info][gc] GC(65) Pause Full (Allocation Failure) 123M->117M(123M) 115.044ms
[93.520s][info][gc] GC(66) Pause Full (Allocation Failure) 123M->118M(123M) 117.599ms
[128.210s][info][gc] GC(67) Pause Full (Allocation Failure) 123M->118M(123M) 143.947ms
[236.123s][info][gc] GC(68) Pause Full (Allocation Failure) 123M->21M(123M) 41.700ms
[361.864s][info][gc] GC(69) Pause Young (Allocation Failure) 55M->23M(123M) 3.651ms
[361.920s][info][gc] GC(70) Pause Young (Allocation Failure) 57M->25M(123M) 5.788ms
[361.974s][info][gc] GC(71) Pause Young (Allocation Failure) 59M->27M(123M) 7.691ms
[362.023s][info][gc] GC(72) Pause Young (Allocation Failure) 61M->29M(123M) 6.792ms
[362.071s][info][gc] GC(73) Pause Young (Allocation Failure) 63M->31M(123M) 6.074ms
[362.122s][info][gc] GC(74) Pause Young (Allocation Failure) 65M->33M(123M) 8.969ms
[362.173s][info][gc] GC(75) Pause Young (Allocation Failure) 68M->36M(123M) 6.344ms
[362.228s][info][gc] GC(76) Pause Young (Allocation Failure) 70M->38M(123M) 6.810ms
[362.278s][info][gc] GC(77) Pause Young (Allocation Failure) 72M->40M(123M) 6.432ms
[362.339s][info][gc] GC(78) Pause Young (Allocation Failure) 74M->42M(123M) 8.989ms
[362.390s][info][gc] GC(79) Pause Young (Allocation Failure) 76M->44M(123M) 6.472ms
[362.441s][info][gc] GC(80) Pause Young (Allocation Failure) 79M->47M(123M) 6.666ms
[362.493s][info][gc] GC(81) Pause Young (Allocation Failure) 81M->49M(123M) 6.301ms
[362.548s][info][gc] GC(82) Pause Young (Allocation Failure) 83M->51M(123M) 6.562ms
[362.599s][info][gc] GC(83) Pause Young (Allocation Failure) 85M->53M(123M) 6.512ms
[362.651s][info][gc] GC(84) Pause Young (Allocation Failure) 87M->55M(123M) 8.324ms
[362.702s][info][gc] GC(85) Pause Young (Allocation Failure) 89M->58M(123M) 6.364ms
[362.753s][info][gc] GC(86) Pause Young (Allocation Failure) 92M->60M(123M) 6.423ms
[362.805s][info][gc] GC(87) Pause Young (Allocation Failure) 94M->62M(123M) 6.561ms
[362.859s][info][gc] GC(88) Pause Young (Allocation Failure) 96M->64M(123M) 6.604ms
[362.909s][info][gc] GC(89) Pause Young (Allocation Failure) 98M->66M(123M) 6.289ms
[362.959s][info][gc] GC(90) Pause Young (Allocation Failure) 100M->68M(123M) 6.220ms
[363.010s][info][gc] GC(91) Pause Young (Allocation Failure) 103M->71M(123M) 6.555ms
[363.060s][info][gc] GC(92) Pause Young (Allocation Failure) 105M->73M(123M) 6.556ms
[363.110s][info][gc] GC(93) Pause Young (Allocation Failure) 107M->75M(123M) 6.230ms
[363.160s][info][gc] GC(94) Pause Young (Allocation Failure) 109M->77M(123M) 7.644ms
[363.214s][info][gc] GC(95) Pause Young (Allocation Failure) 111M->79M(123M) 6.345ms
[363.267s][info][gc] GC(96) Pause Young (Allocation Failure) 113M->82M(123M) 6.376ms
[363.321s][info][gc] GC(97) Pause Young (Allocation Failure) 116M->84M(123M) 6.104ms
[363.374s][info][gc] GC(98) Pause Young (Allocation Failure) 118M->86M(123M) 6.372ms
[363.423s][info][gc] GC(99) Pause Young (Allocation Failure) 120M->120M(123M) 0.038ms
[363.520s][info][gc] GC(100) Pause Full (Allocation Failure) 120M->88M(123M) 97.544ms
[363.687s][info][gc] GC(101) Pause Full (Allocation Failure) 123M->90M(123M) 101.635ms
[363.864s][info][gc] GC(102) Pause Full (Allocation Failure) 123M->89M(123M) 118.147ms
[364.027s][info][gc] GC(103) Pause Full (Allocation Failure) 123M->91M(123M) 100.299ms
[364.193s][info][gc] GC(104) Pause Full (Allocation Failure) 123M->93M(123M) 101.604ms
[364.363s][info][gc] GC(105) Pause Full (Allocation Failure) 123M->95M(123M) 106.772ms
[364.556s][info][gc] GC(106) Pause Full (Allocation Failure) 123M->97M(123M) 138.820ms
[364.724s][info][gc] GC(107) Pause Full (Allocation Failure) 123M->99M(123M) 110.475ms
[364.888s][info][gc] GC(108) Pause Full (Allocation Failure) 123M->100M(123M) 116.058ms
[365.045s][info][gc] GC(109) Pause Full (Allocation Failure) 123M->102M(123M) 109.981ms
[365.203s][info][gc] GC(110) Pause Full (Allocation Failure) 123M->103M(123M) 109.946ms
[365.358s][info][gc] GC(111) Pause Full (Allocation Failure) 123M->104M(123M) 111.671ms
[365.514s][info][gc] GC(112) Pause Full (Allocation Failure) 123M->105M(123M) 115.385ms
[365.665s][info][gc] GC(113) Pause Full (Allocation Failure) 123M->107M(123M) 111.940ms
[365.826s][info][gc] GC(114) Pause Full (Allocation Failure) 123M->108M(123M) 118.160ms
[365.987s][info][gc] GC(115) Pause Full (Allocation Failure) 123M->109M(123M) 125.594ms
[366.143s][info][gc] GC(116) Pause Full (Allocation Failure) 123M->110M(123M) 116.799ms
[366.291s][info][gc] GC(117) Pause Full (Allocation Failure) 123M->111M(123M) 116.064ms
[366.439s][info][gc] GC(118) Pause Full (Allocation Failure) 123M->111M(123M) 116.155ms
[366.587s][info][gc] GC(119) Pause Full (Allocation Failure) 123M->112M(123M) 120.146ms
[366.744s][info][gc] GC(120) Pause Full (Allocation Failure) 123M->113M(123M) 122.056ms
[366.888s][info][gc] GC(121) Pause Full (Allocation Failure) 123M->113M(123M) 114.478ms
[367.042s][info][gc] GC(122) Pause Full (Allocation Failure) 123M->114M(123M) 116.355ms
[367.182s][info][gc] GC(123) Pause Full (Allocation Failure) 123M->115M(123M) 113.941ms
[367.321s][info][gc] GC(124) Pause Full (Allocation Failure) 123M->115M(123M) 113.769ms
[367.458s][info][gc] GC(125) Pause Full (Allocation Failure) 123M->116M(123M) 113.149ms
[367.606s][info][gc] GC(126) Pause Full (Allocation Failure) 123M->116M(123M) 121.566ms
[367.746s][info][gc] GC(127) Pause Full (Allocation Failure) 123M->117M(123M) 116.679ms
[367.892s][info][gc] GC(128) Pause Full (Allocation Failure) 123M->117M(123M) 124.097ms
[368.036s][info][gc] GC(129) Pause Full (Allocation Failure) 123M->118M(123M) 123.603ms
[368.180s][info][gc] GC(130) Pause Full (Allocation Failure) 123M->118M(123M) 122.383ms
[368.319s][info][gc] GC(131) Pause Full (Allocation Failure) 123M->118M(123M) 118.100ms
[368.461s][info][gc] GC(132) Pause Full (Allocation Failure) 123M->119M(123M) 122.291ms
[368.596s][info][gc] GC(133) Pause Full (Allocation Failure) 123M->119M(123M) 116.135ms
[368.758s][info][gc] GC(134) Pause Full (Allocation Failure) 123M->119M(123M) 142.979ms
[368.894s][info][gc] GC(135) Pause Full (Allocation Failure) 123M->119M(123M) 118.288ms
[369.031s][info][gc] GC(136) Pause Full (Allocation Failure) 123M->120M(123M) 119.187ms
[369.167s][info][gc] GC(137) Pause Full (Allocation Failure) 123M->120M(123M) 120.963ms
[369.300s][info][gc] GC(138) Pause Full (Allocation Failure) 123M->120M(123M) 118.177ms
[369.417s][info][gc] GC(139) Pause Full (Allocation Failure) 120M->120M(123M) 115.965ms
[369.565s][info][gc] GC(140) Pause Full (Allocation Failure) 120M->120M(123M) 148.481ms
